I'm sorry, but errors were detected in your script. Please correct the
errors listed below, and try again.


File "game/scripts/script_act1.rpy", line 10: is not terminated with a newline. (Check strings and parenthesis.)
(Perhaps you left out a " at the end of the first line.)
        """

Ren'Py Version: Ren'Py 8.2.1.24030407
Mon May 20 11:08:44 2024
